// Vitest Snapshot v1, https://vitest.dev/guide/snapshot.html

exports[`serializePagesData > should create properly formatted JSON with mixed page types 1`] = `
"[
  "about",
  {
    "articles": [
      "first-post",
      "second-post",
      "third-post"
    ]
  },
  "privacy",
  {
    "case-studies": [
      "client-a",
      "client-b"
    ]
  },
  "contact"
]"
`;

exports[`serializePagesData > should create properly formatted JSON with multi-level pages 1`] = `
"[
  {
    "articles": [
      "typescript-guide",
      "react-tutorial"
    ]
  },
  {
    "services": [
      "web-development",
      "consulting"
    ]
  }
]"
`;

exports[`serializePagesData > should create properly formatted JSON with single-level pages 1`] = `
"[
  "about",
  "privacy"
]"
`;

exports[`serializePagesData > should create valid JSON for complex nested structure 1`] = `
"[
  "home",
  {
    "articles": [
      "intro-to-typescript",
      "advanced-react",
      "node-best-practices"
    ]
  },
  {
    "services": [
      "web-development",
      "mobile-apps",
      "consulting",
      "training"
    ]
  },
  "about",
  {
    "case-studies": [
      "ecommerce-platform",
      "saas-dashboard"
    ]
  },
  {
    "tags": [
      "javascript",
      "typescript",
      "react",
      "node"
    ]
  }
]"
`;

exports[`serializePagesData > should handle empty data 1`] = `"[]"`;
